The ``add_integer`` module
======================

Using ``add``
-------------------

Write a function that adds 2 integers.

    Prototype: def add_integer(a, b=98):
    a and b must be integers or floats, otherwise raise a TypeError exception with the message a must be an integer or b must be an integer
    a and b must be first casted to integers if they are float
    Returns an integer: the addition of a and b
    You are not allowed to import any module

>>> add_integer = __import__('0-add_integer').add_integer
>>> add_integer(3, 5)
8
>>> add_integer(3.5, 5)
8
>>> add_integer(3, 5.5)
8
>>> add_integer(3.5, 5.5)
8
>>> add_integer("3", 5)
Traceback (most recent call last):
  File "<stdin>", line 1, in <module>
  File "<stdin>", line 3, in add_integer
TypeError: a must be an integer
>>> add_integer(3, "5")
Traceback (most recent call last):
  File "<stdin>", line 1, in <module>
  File "<stdin>", line 5, in add_integer
TypeError: b must be an integer
>>> add_integer("3", "5")
Traceback (most recent call last):
  File "<stdin>", line 1, in <module>
  File "<stdin>", line 3, in add_integer
TypeError: a must be an integer
>>> a = float("inf")
>>> b = 10
>>> add_integer(a, b)
Traceback (most recent call last):
  File "<stdin>", line 1, in <module>
  File "<stdin>", line 8, in add_integer
OverflowError: cannot convert float infinity to integer
