>>> add_integer = __import__('0-add_integer').add_integer


Input is zero:
>>> add_integer(0, 0)
0

Positive Input:
>>> add_integer(2, 5)
7

Negative Input:
>>> add_integer(-1, 3)
2

One Input:
>>> add_integer(2)
100

Float and Negative Input:
>>> add_integer(100.3, -2)
98

String input:
    >>> add_integer(4, "School")
    Traceback (most recent call last):
    ...
    TypeError: b must be an integer
	
None input:
    >>> add_integer(None)
    Traceback (most recent call last):
    ...
    TypeError: a must be an integer

Double negative float input:
    >>> add_integer(-100.5, -10.8)
    -110

